// Jest Snapshot v1, https://goo.gl/fbAQLP

exports[`avatar 组件 快照测试 1`] = `
<h6
  className="sc-bdvvaa kuTvfO"
>
  测试
</h6>
`;
